Archive member included to satisfy reference by file (symbol)

../ti//libdriver.a(gpio.o)    verify.o (GPIOIntTypeSet)
../ti//libdriver.a(interrupt.o)
                              ../ti//libdriver.a(gpio.o) (IntRegister)
../ti//libdriver.a(uart.o)    verify.o (UARTClockSourceSet)
../ti//libdriver.a(cpu.o)     ../ti//libdriver.a(interrupt.o) (CPUcpsid)
/opt/arm-gnu-toolchain/bin/../lib/gcc/arm-none-eabi/15.3.1/../../../../arm-none-eabi/lib/thumb/v7e-m+fp/hard/libc_nano.a(libc_a-exit.o)
                              /opt/arm-gnu-toolchain/bin/../lib/gcc/arm-none-eabi/15.3.1/../../../../arm-none-eabi/lib/thumb/v7e-m+fp/hard/crt0.o (exit)
/opt/arm-gnu-toolchain/bin/../lib/gcc/arm-none-eabi/15.3.1/../../../../arm-none-eabi/lib/thumb/v7e-m+fp/hard/libc_nano.a(libc_a-findfp.o)
                              /opt/arm-gnu-toolchain/bin/../lib/gcc/arm-none-eabi/15.3.1/../../../../arm-none-eabi/lib/thumb/v7e-m+fp/hard/libc_nano.a(libc_a-exit.o) (__stdio_exit_handler)
/opt/arm-gnu-toolchain/bin/../lib/gcc/arm-none-eabi/15.3.1/../../../../arm-none-eabi/lib/thumb/v7e-m+fp/hard/libc_nano.a(libc_a-fwalk.o)
                              /opt/arm-gnu-toolchain/bin/../lib/gcc/arm-none-eabi/15.3.1/../../../../arm-none-eabi/lib/thumb/v7e-m+fp/hard/libc_nano.a(libc_a-findfp.o) (_fwalk_sglue)
/opt/arm-gnu-toolchain/bin/../lib/gcc/arm-none-eabi/15.3.1/../../../../arm-none-eabi/lib/thumb/v7e-m+fp/hard/libc_nano.a(libc_a-memset.o)
                              /opt/arm-gnu-toolchain/bin/../lib/gcc/arm-none-eabi/15.3.1/../../../../arm-none-eabi/lib/thumb/v7e-m+fp/hard/crt0.o (memset)
/opt/arm-gnu-toolchain/bin/../lib/gcc/arm-none-eabi/15.3.1/../../../../arm-none-eabi/lib/thumb/v7e-m+fp/hard/libc_nano.a(libc_a-init.o)
                              /opt/arm-gnu-toolchain/bin/../lib/gcc/arm-none-eabi/15.3.1/../../../../arm-none-eabi/lib/thumb/v7e-m+fp/hard/crt0.o (__libc_init_array)
/opt/arm-gnu-toolchain/bin/../lib/gcc/arm-none-eabi/15.3.1/../../../../arm-none-eabi/lib/thumb/v7e-m+fp/hard/libc_nano.a(libc_a-lock.o)
                              /opt/arm-gnu-toolchain/bin/../lib/gcc/arm-none-eabi/15.3.1/../../../../arm-none-eabi/lib/thumb/v7e-m+fp/hard/libc_nano.a(libc_a-findfp.o) (__retarget_lock_init_recursive)
/opt/arm-gnu-toolchain/bin/../lib/gcc/arm-none-eabi/15.3.1/../../../../arm-none-eabi/lib/thumb/v7e-m+fp/hard/libc_nano.a(libc_a-impure.o)
                              /opt/arm-gnu-toolchain/bin/../lib/gcc/arm-none-eabi/15.3.1/../../../../arm-none-eabi/lib/thumb/v7e-m+fp/hard/libc_nano.a(libc_a-findfp.o) (_impure_data)
/opt/arm-gnu-toolchain/bin/../lib/gcc/arm-none-eabi/15.3.1/../../../../arm-none-eabi/lib/thumb/v7e-m+fp/hard/libc_nano.a(libc_a-mallocr.o)
                              /opt/arm-gnu-toolchain/bin/../lib/gcc/arm-none-eabi/15.3.1/../../../../arm-none-eabi/lib/thumb/v7e-m+fp/hard/libc_nano.a(libc_a-findfp.o) (_malloc_r)
/opt/arm-gnu-toolchain/bin/../lib/gcc/arm-none-eabi/15.3.1/../../../../arm-none-eabi/lib/thumb/v7e-m+fp/hard/libc_nano.a(libc_a-mlock.o)
                              /opt/arm-gnu-toolchain/bin/../lib/gcc/arm-none-eabi/15.3.1/../../../../arm-none-eabi/lib/thumb/v7e-m+fp/hard/libc_nano.a(libc_a-mallocr.o) (__malloc_lock)
/opt/arm-gnu-toolchain/bin/../lib/gcc/arm-none-eabi/15.3.1/../../../../arm-none-eabi/lib/thumb/v7e-m+fp/hard/libc_nano.a(libc_a-stdio.o)
                              /opt/arm-gnu-toolchain/bin/../lib/gcc/arm-none-eabi/15.3.1/../../../../arm-none-eabi/lib/thumb/v7e-m+fp/hard/libc_nano.a(libc_a-findfp.o) (__sread)
/opt/arm-gnu-toolchain/bin/../lib/gcc/arm-none-eabi/15.3.1/../../../../arm-none-eabi/lib/thumb/v7e-m+fp/hard/libc_nano.a(libc_a-fflush.o)
                              /opt/arm-gnu-toolchain/bin/../lib/gcc/arm-none-eabi/15.3.1/../../../../arm-none-eabi/lib/thumb/v7e-m+fp/hard/libc_nano.a(libc_a-findfp.o) (_fflush_r)
/opt/arm-gnu-toolchain/bin/../lib/gcc/arm-none-eabi/15.3.1/../../../../arm-none-eabi/lib/thumb/v7e-m+fp/hard/libc_nano.a(libc_a-lseekr.o)
                              /opt/arm-gnu-toolchain/bin/../lib/gcc/arm-none-eabi/15.3.1/../../../../arm-none-eabi/lib/thumb/v7e-m+fp/hard/libc_nano.a(libc_a-stdio.o) (_lseek_r)
/opt/arm-gnu-toolchain/bin/../lib/gcc/arm-none-eabi/15.3.1/../../../../arm-none-eabi/lib/thumb/v7e-m+fp/hard/libc_nano.a(libc_a-readr.o)
                              /opt/arm-gnu-toolchain/bin/../lib/gcc/arm-none-eabi/15.3.1/../../../../arm-none-eabi/lib/thumb/v7e-m+fp/hard/libc_nano.a(libc_a-stdio.o) (_read_r)
/opt/arm-gnu-toolchain/bin/../lib/gcc/arm-none-eabi/15.3.1/../../../../arm-none-eabi/lib/thumb/v7e-m+fp/hard/libc_nano.a(libc_a-sbrkr.o)
                              /opt/arm-gnu-toolchain/bin/../lib/gcc/arm-none-eabi/15.3.1/../../../../arm-none-eabi/lib/thumb/v7e-m+fp/hard/libc_nano.a(libc_a-mallocr.o) (_sbrk_r)
/opt/arm-gnu-toolchain/bin/../lib/gcc/arm-none-eabi/15.3.1/../../../../arm-none-eabi/lib/thumb/v7e-m+fp/hard/libc_nano.a(libc_a-writer.o)
                              /opt/arm-gnu-toolchain/bin/../lib/gcc/arm-none-eabi/15.3.1/../../../../arm-none-eabi/lib/thumb/v7e-m+fp/hard/libc_nano.a(libc_a-stdio.o) (_write_r)
/opt/arm-gnu-toolchain/bin/../lib/gcc/arm-none-eabi/15.3.1/../../../../arm-none-eabi/lib/thumb/v7e-m+fp/hard/libc_nano.a(libc_a-closer.o)
                              /opt/arm-gnu-toolchain/bin/../lib/gcc/arm-none-eabi/15.3.1/../../../../arm-none-eabi/lib/thumb/v7e-m+fp/hard/libc_nano.a(libc_a-stdio.o) (_close_r)
/opt/arm-gnu-toolchain/bin/../lib/gcc/arm-none-eabi/15.3.1/../../../../arm-none-eabi/lib/thumb/v7e-m+fp/hard/libc_nano.a(libc_a-reent.o)
                              /opt/arm-gnu-toolchain/bin/../lib/gcc/arm-none-eabi/15.3.1/../../../../arm-none-eabi/lib/thumb/v7e-m+fp/hard/libc_nano.a(libc_a-lseekr.o) (errno)
/opt/arm-gnu-toolchain/bin/../lib/gcc/arm-none-eabi/15.3.1/../../../../arm-none-eabi/lib/thumb/v7e-m+fp/hard/libc_nano.a(libc_a-freer.o)
                              /opt/arm-gnu-toolchain/bin/../lib/gcc/arm-none-eabi/15.3.1/../../../../arm-none-eabi/lib/thumb/v7e-m+fp/hard/libc_nano.a(libc_a-fflush.o) (_free_r)
/opt/arm-gnu-toolchain/bin/../lib/gcc/arm-none-eabi/15.3.1/../../../../arm-none-eabi/lib/thumb/v7e-m+fp/hard/libnosys.a(sbrk.o)
                              /opt/arm-gnu-toolchain/bin/../lib/gcc/arm-none-eabi/15.3.1/../../../../arm-none-eabi/lib/thumb/v7e-m+fp/hard/libc_nano.a(libc_a-sbrkr.o) (_sbrk)
/opt/arm-gnu-toolchain/bin/../lib/gcc/arm-none-eabi/15.3.1/../../../../arm-none-eabi/lib/thumb/v7e-m+fp/hard/libnosys.a(_exit.o)
                              /opt/arm-gnu-toolchain/bin/../lib/gcc/arm-none-eabi/15.3.1/../../../../arm-none-eabi/lib/thumb/v7e-m+fp/hard/libc_nano.a(libc_a-exit.o) (_exit)

Discarded input sections

 .text          0x00000000        0x0 /opt/arm-gnu-toolchain/bin/../lib/gcc/arm-none-eabi/15.3.1/thumb/v7e-m+fp/hard/crti.o
 .data          0x00000000        0x0 /opt/arm-gnu-toolchain/bin/../lib/gcc/arm-none-eabi/15.3.1/thumb/v7e-m+fp/hard/crti.o
 .bss           0x00000000        0x0 /opt/arm-gnu-toolchain/bin/../lib/gcc/arm-none-eabi/15.3.1/thumb/v7e-m+fp/hard/crti.o
 .text          0x00000000        0x0 /opt/arm-gnu-toolchain/bin/../lib/gcc/arm-none-eabi/15.3.1/thumb/v7e-m+fp/hard/crtbegin.o
 .data          0x00000000        0x0 /opt/arm-gnu-toolchain/bin/../lib/gcc/arm-none-eabi/15.3.1/thumb/v7e-m+fp/hard/crtbegin.o
 .bss           0x00000000        0x0 /opt/arm-gnu-toolchain/bin/../lib/gcc/arm-none-eabi/15.3.1/thumb/v7e-m+fp/hard/crtbegin.o
 .rodata.all_implied_fbits
                0x00000000       0x24 /opt/arm-gnu-toolchain/bin/../lib/gcc/arm-none-eabi/15.3.1/thumb/v7e-m+fp/hard/crtbegin.o
 .init_array    0x00000000        0x4 /opt/arm-gnu-toolchain/bin/../lib/gcc/arm-none-eabi/15.3.1/thumb/v7e-m+fp/hard/crtbegin.o
 .fini_array    0x00000000        0x4 /opt/arm-gnu-toolchain/bin/../lib/gcc/arm-none-eabi/15.3.1/thumb/v7e-m+fp/hard/crtbegin.o
 .eh_frame      0x00000000        0x0 /opt/arm-gnu-toolchain/bin/../lib/gcc/arm-none-eabi/15.3.1/thumb/v7e-m+fp/hard/crtbegin.o
 .tm_clone_table
                0x00000000        0x0 /opt/arm-gnu-toolchain/bin/../lib/gcc/arm-none-eabi/15.3.1/thumb/v7e-m+fp/hard/crtbegin.o
 .text.deregister_tm_clones
                0x00000000       0x1c /opt/arm-gnu-toolchain/bin/../lib/gcc/arm-none-eabi/15.3.1/thumb/v7e-m+fp/hard/crtbegin.o
 .text.register_tm_clones
                0x00000000       0x24 /opt/arm-gnu-toolchain/bin/../lib/gcc/arm-none-eabi/15.3.1/thumb/v7e-m+fp/hard/crtbegin.o
 .data.__dso_handle
                0x00000000        0x4 /opt/arm-gnu-toolchain/bin/../lib/gcc/arm-none-eabi/15.3.1/thumb/v7e-m+fp/hard/crtbegin.o
 .text.__do_global_dtors_aux
                0x00000000       0x28 /opt/arm-gnu-toolchain/bin/../lib/gcc/arm-none-eabi/15.3.1/thumb/v7e-m+fp/hard/crtbegin.o
 .text.frame_dummy
                0x00000000       0x24 /opt/arm-gnu-toolchain/bin/../lib/gcc/arm-none-eabi/15.3.1/thumb/v7e-m+fp/hard/crtbegin.o
 .bss.completed.1
                0x00000000        0x1 /opt/arm-gnu-toolchain/bin/../lib/gcc/arm-none-eabi/15.3.1/thumb/v7e-m+fp/hard/crtbegin.o
 .bss.object.0  0x00000000       0x18 /opt/arm-gnu-toolchain/bin/../lib/gcc/arm-none-eabi/15.3.1/thumb/v7e-m+fp/hard/crtbegin.o
 .ARM.attributes
                0x00000000       0x34 /opt/arm-gnu-toolchain/bin/../lib/gcc/arm-none-eabi/15.3.1/thumb/v7e-m+fp/hard/crtbegin.o
 .text          0x00000000       0x7c /opt/arm-gnu-toolchain/bin/../lib/gcc/arm-none-eabi/15.3.1/../../../../arm-none-eabi/lib/thumb/v7e-m+fp/hard/crt0.o
 .data          0x00000000        0x0 /opt/arm-gnu-toolchain/bin/../lib/gcc/arm-none-eabi/15.3.1/../../../../arm-none-eabi/lib/thumb/v7e-m+fp/hard/crt0.o
 .bss           0x00000000        0x0 /opt/arm-gnu-toolchain/bin/../lib/gcc/arm-none-eabi/15.3.1/../../../../arm-none-eabi/lib/thumb/v7e-m+fp/hard/crt0.o
 .ARM.extab     0x00000000        0x0 /opt/arm-gnu-toolchain/bin/../lib/gcc/arm-none-eabi/15.3.1/../../../../arm-none-eabi/lib/thumb/v7e-m+fp/hard/crt0.o
 .ARM.exidx     0x00000000       0x10 /opt/arm-gnu-toolchain/bin/../lib/gcc/arm-none-eabi/15.3.1/../../../../arm-none-eabi/lib/thumb/v7e-m+fp/hard/crt0.o
 .debug_line_str
                0x00000000       0xf7 /opt/arm-gnu-toolchain/bin/../lib/gcc/arm-none-eabi/15.3.1/../../../../arm-none-eabi/lib/thumb/v7e-m+fp/hard/crt0.o
 .ARM.attributes
                0x00000000       0x20 /opt/arm-gnu-toolchain/bin/../lib/gcc/arm-none-eabi/15.3.1/../../../../arm-none-eabi/lib/thumb/v7e-m+fp/hard/crt0.o
 .text          0x00000000        0x0 main.o
 .data          0x00000000        0x0 main.o
 .bss           0x00000000        0x0 main.o
 .text          0x00000000        0x0 led_control.o
 .data          0x00000000        0x0 led_control.o
 .bss           0x00000000        0x0 led_control.o
 .text          0x00000000        0x0 startup.o
 .data          0x00000000        0x0 startup.o
 .bss           0x00000000        0x0 startup.o
 .text          0x00000000        0x0 uartstdio.o
 .data          0x00000000        0x0 uartstdio.o
 .bss           0x00000000        0x0 uartstdio.o
 .rodata.g_pcHex
                0x00000000        0x4 uartstdio.o
 .text.UARTgets
                0x00000000       0xf0 uartstdio.o
 .text.UARTgetc
                0x00000000       0x28 uartstdio.o
 .bss.bLastWasCR.0
                0x00000000        0x1 uartstdio.o
 .text          0x00000000        0x0 syscalls.o
 .data          0x00000000        0x0 syscalls.o
 .bss           0x00000000        0x0 syscalls.o
 .text._close   0x00000000       0x16 syscalls.o
 .text._lseek   0x00000000       0x18 syscalls.o
 .text._read    0x00000000       0x18 syscalls.o
 .text._write   0x00000000       0x18 syscalls.o
 .debug_info    0x00000000      0x129 syscalls.o
 .debug_abbrev  0x00000000       0x91 syscalls.o
 .debug_aranges
                0x00000000       0x38 syscalls.o
 .debug_rnglists
                0x00000000       0x25 syscalls.o
 .debug_line    0x00000000       0x8d syscalls.o
 .debug_str     0x00000000      0x112 syscalls.o
 .comment       0x00000000       0x47 syscalls.o
 .debug_frame   0x00000000       0xb0 syscalls.o
 .ARM.attributes
                0x00000000       0x34 syscalls.o
 .text          0x00000000        0x0 verify.o
 .data          0x00000000        0x0 verify.o
 .bss           0x00000000        0x0 verify.o
 .text          0x00000000        0x0 ../ti//libdriver.a(gpio.o)
 .data          0x00000000        0x0 ../ti//libdriver.a(gpio.o)
 .bss           0x00000000        0x0 ../ti//libdriver.a(gpio.o)
 .text._GPIOIntNumberGet
                0x00000000       0x48 ../ti//libdriver.a(gpio.o)
 .text.GPIODirModeSet
                0x00000000       0x2e ../ti//libdriver.a(gpio.o)
 .text.GPIODirModeGet
                0x00000000       0x24 ../ti//libdriver.a(gpio.o)
 .text.GPIOIntTypeGet
                0x00000000       0x4a ../ti//libdriver.a(gpio.o)
 .text.GPIOPadConfigSet
                0x00000000      0x130 ../ti//libdriver.a(gpio.o)
 .text.GPIOPadConfigGet
                0x00000000       0xc4 ../ti//libdriver.a(gpio.o)
 .text.GPIOIntDisable
                0x00000000        0xe ../ti//libdriver.a(gpio.o)
 .text.GPIOIntRegister
                0x00000000       0x1a ../ti//libdriver.a(gpio.o)
 .text.GPIOIntUnregister
                0x00000000       0x16 ../ti//libdriver.a(gpio.o)
 .text.GPIOIntRegisterPin
                0x00000000       0x1e ../ti//libdriver.a(gpio.o)
 .text.GPIOIntUnregisterPin
                0x00000000       0x1a ../ti//libdriver.a(gpio.o)
 .text.GPIOPinRead
                0x00000000        0x6 ../ti//libdriver.a(gpio.o)
 .text.GPIOPinWrite
                0x00000000        0x6 ../ti//libdriver.a(gpio.o)
 .text.GPIOPinTypeADC
                0x00000000       0x1c ../ti//libdriver.a(gpio.o)
 .text.GPIOPinTypeCAN
                0x00000000       0x1c ../ti//libdriver.a(gpio.o)
 .text.GPIOPinTypeComparator
                0x00000000       0x1c ../ti//libdriver.a(gpio.o)
 .text.GPIOPinTypeComparatorOutput
                0x00000000       0x1c ../ti//libdriver.a(gpio.o)
 .text.GPIOPinTypeDIVSCLK
                0x00000000       0x1c ../ti//libdriver.a(gpio.o)
 .text.GPIOPinTypeEPI
                0x00000000       0x1c ../ti//libdriver.a(gpio.o)
 .text.GPIOPinTypeEthernetLED
                0x00000000       0x1c ../ti//libdriver.a(gpio.o)
 .text.GPIOPinTypeEthernetMII
                0x00000000       0x1c ../ti//libdriver.a(gpio.o)
 .text.GPIOPinTypeGPIOInput
                0x00000000       0x1c ../ti//libdriver.a(gpio.o)
 .text.GPIOPinTypeGPIOOutput
                0x00000000       0x1c ../ti//libdriver.a(gpio.o)
 .text.GPIOPinTypeGPIOOutputOD
                0x00000000       0x1c ../ti//libdriver.a(gpio.o)
 .text.GPIOPinTypeHibernateRTCCLK
                0x00000000       0x1c ../ti//libdriver.a(gpio.o)
 .text.GPIOPinTypeI2C
                0x00000000       0x1c ../ti//libdriver.a(gpio.o)
 .text.GPIOPinTypeI2CSCL
                0x00000000       0x1c ../ti//libdriver.a(gpio.o)
 .text.GPIOPinTypeLCD
                0x00000000       0x1c ../ti//libdriver.a(gpio.o)
 .text.GPIOPinTypeOneWire
                0x00000000       0x1c ../ti//libdriver.a(gpio.o)
 .text.GPIOPinTypePWM
                0x00000000       0x1c ../ti//libdriver.a(gpio.o)
 .text.GPIOPinTypeQEI
                0x00000000       0x1c ../ti//libdriver.a(gpio.o)
 .text.GPIOPinTypeSSI
                0x00000000       0x1c ../ti//libdriver.a(gpio.o)
 .text.GPIOPinTypeTimer
                0x00000000       0x1c ../ti//libdriver.a(gpio.o)
 .text.GPIOPinTypeTrace
                0x00000000       0x1c ../ti//libdriver.a(gpio.o)
 .text.GPIOPinTypeUART
                0x00000000       0x1c ../ti//libdriver.a(gpio.o)
 .text.GPIOPinTypeUSBAnalog
                0x00000000       0x1c ../ti//libdriver.a(gpio.o)
 .text.GPIOPinTypeUSBDigital
                0x00000000       0x1c ../ti//libdriver.a(gpio.o)
 .text.GPIOPinTypeWakeHigh
                0x00000000       0x1e ../ti//libdriver.a(gpio.o)
 .text.GPIOPinTypeWakeLow
                0x00000000       0x1e ../ti//libdriver.a(gpio.o)
 .text.GPIOPinWakeStatus
                0x00000000        0x6 ../ti//libdriver.a(gpio.o)
 .text.GPIOPinConfigure
                0x00000000       0x4c ../ti//libdriver.a(gpio.o)
 .text.GPIODMATriggerEnable
                0x00000000        0xc ../ti//libdriver.a(gpio.o)
 .text.GPIODMATriggerDisable
                0x00000000        0xe ../ti//libdriver.a(gpio.o)
 .text.GPIOADCTriggerEnable
                0x00000000        0xc ../ti//libdriver.a(gpio.o)
 .text.GPIOADCTriggerDisable
                0x00000000        0xe ../ti//libdriver.a(gpio.o)
 .rodata.g_ppui32GPIOIntMapSnowflake
                0x00000000       0xd8 ../ti//libdriver.a(gpio.o)
 .rodata.g_pui32GPIOBaseAddrs
                0x00000000       0x90 ../ti//libdriver.a(gpio.o)
 .rodata.g_ppui32GPIOIntMapBlizzard
                0x00000000       0xc0 ../ti//libdriver.a(gpio.o)
 .text          0x00000000        0x0 ../ti//libdriver.a(interrupt.o)
 .data          0x00000000        0x0 ../ti//libdriver.a(interrupt.o)
 .bss           0x00000000        0x0 ../ti//libdriver.a(interrupt.o)
 .text._IntDefaultHandler
                0x00000000        0x2 ../ti//libdriver.a(interrupt.o)
 .text.IntMasterEnable
                0x00000000        0xe ../ti//libdriver.a(interrupt.o)
 .text.IntMasterDisable
                0x00000000        0xe ../ti//libdriver.a(interrupt.o)
 .text.IntRegister
                0x00000000       0x34 ../ti//libdriver.a(interrupt.o)
 .text.IntUnregister
                0x00000000       0x14 ../ti//libdriver.a(interrupt.o)
 .text.IntPriorityGroupingSet
                0x00000000       0x1c ../ti//libdriver.a(interrupt.o)
 .text.IntPriorityGroupingGet
                0x00000000       0x24 ../ti//libdriver.a(interrupt.o)
 .text.IntPrioritySet
                0x00000000       0x2c ../ti//libdriver.a(interrupt.o)
 .text.IntPriorityGet
                0x00000000       0x1c ../ti//libdriver.a(interrupt.o)
 .text.IntEnable
                0x00000000       0x60 ../ti//libdriver.a(interrupt.o)
 .text.IntDisable
                0x00000000       0x60 ../ti//libdriver.a(interrupt.o)
 .text.IntIsEnabled
                0x00000000       0x64 ../ti//libdriver.a(interrupt.o)
 .text.IntPendSet
                0x00000000       0x50 ../ti//libdriver.a(interrupt.o)
 .text.IntPendClear
                0x00000000       0x40 ../ti//libdriver.a(interrupt.o)
 .text.IntPriorityMaskSet
                0x00000000        0x4 ../ti//libdriver.a(interrupt.o)
 .text.IntPriorityMaskGet
                0x00000000        0x4 ../ti//libdriver.a(interrupt.o)
 .text.IntTrigger
                0x00000000        0xc ../ti//libdriver.a(interrupt.o)
 .rodata.g_pui32Priority
                0x00000000       0x20 ../ti//libdriver.a(interrupt.o)
 .rodata.g_pui32Dii16Regs
                0x00000000       0x14 ../ti//libdriver.a(interrupt.o)
 .rodata.g_pui32PendRegs
                0x00000000       0x14 ../ti//libdriver.a(interrupt.o)
 vtable         0x00000000      0x400 ../ti//libdriver.a(interrupt.o)
 .rodata.g_pui32Regs
                0x00000000       0x9c ../ti//libdriver.a(interrupt.o)
 .rodata.g_pui32EnRegs
                0x00000000       0x14 ../ti//libdriver.a(interrupt.o)
 .rodata.g_pui32UnpendRegs
                0x00000000       0x14 ../ti//libdriver.a(interrupt.o)
 .comment       0x00000000       0x71 ../ti//libdriver.a(interrupt.o)
 .ARM.attributes
                0x00000000       0x3b ../ti//libdriver.a(interrupt.o)
 .text          0x00000000        0x0 ../ti//libdriver.a(uart.o)
 .data          0x00000000        0x0 ../ti//libdriver.a(uart.o)
 .bss           0x00000000        0x0 ../ti//libdriver.a(uart.o)
 .text._UARTIntNumberGet
                0x00000000       0x44 ../ti//libdriver.a(uart.o)
 .text.UARTParityModeSet
                0x00000000        0xc ../ti//libdriver.a(uart.o)
 .text.UARTParityModeGet
                0x00000000        0x8 ../ti//libdriver.a(uart.o)
 .text.UARTFIFOLevelSet
                0x00000000        0x6 ../ti//libdriver.a(uart.o)
 .text.UARTFIFOLevelGet
                0x00000000       0x10 ../ti//libdriver.a(uart.o)
 .text.UARTConfigGetExpClk
                0x00000000       0x28 ../ti//libdriver.a(uart.o)
 .text.UARTEnable
                0x00000000       0x16 ../ti//libdriver.a(uart.o)
 .text.UARTDisable
                0x00000000       0x1c ../ti//libdriver.a(uart.o)
 .text.UARTConfigSetExpClk
                0x00000000       0x48 ../ti//libdriver.a(uart.o)
 .text.UARTFIFOEnable
                0x00000000        0xa ../ti//libdriver.a(uart.o)
 .text.UARTFIFODisable
                0x00000000        0xa ../ti//libdriver.a(uart.o)
 .text.UARTEnableSIR
                0x00000000       0x12 ../ti//libdriver.a(uart.o)
 .text.UARTDisableSIR
                0x00000000        0xa ../ti//libdriver.a(uart.o)
 .text.UARTSmartCardEnable
                0x00000000       0x16 ../ti//libdriver.a(uart.o)
 .text.UARTSmartCardDisable
                0x00000000        0xa ../ti//libdriver.a(uart.o)
 .text.UARTModemControlSet
                0x00000000        0xc ../ti//libdriver.a(uart.o)
 .text.UARTModemControlClear
                0x00000000        0xe ../ti//libdriver.a(uart.o)
 .text.UARTModemControlGet
                0x00000000        0x8 ../ti//libdriver.a(uart.o)
 .text.UARTModemStatusGet
                0x00000000        0xa ../ti//libdriver.a(uart.o)
 .text.UARTFlowControlSet
                0x00000000        0xc ../ti//libdriver.a(uart.o)
 .text.UARTFlowControlGet
                0x00000000        0x8 ../ti//libdriver.a(uart.o)
 .text.UARTTxIntModeSet
                0x00000000        0xc ../ti//libdriver.a(uart.o)
 .text.UARTTxIntModeGet
                0x00000000        0x8 ../ti//libdriver.a(uart.o)
 .text.UARTCharsAvail
                0x00000000        0xc ../ti//libdriver.a(uart.o)
 .text.UARTSpaceAvail
                0x00000000        0xc ../ti//libdriver.a(uart.o)
 .text.UARTCharGetNonBlocking
                0x00000000        0xe ../ti//libdriver.a(uart.o)
 .text.UARTCharGet
                0x00000000        0xa ../ti//libdriver.a(uart.o)
 .text.UARTCharPutNonBlocking
                0x00000000       0x10 ../ti//libdriver.a(uart.o)
 .text.UARTCharPut
                0x00000000        0xa ../ti//libdriver.a(uart.o)
 .text.UARTBreakCtl
                0x00000000       0x16 ../ti//libdriver.a(uart.o)
 .text.UARTBusy
                0x00000000        0x8 ../ti//libdriver.a(uart.o)
 .text.UARTIntRegister
                0x00000000       0x1a ../ti//libdriver.a(uart.o)
 .text.UARTIntUnregister
                0x00000000       0x16 ../ti//libdriver.a(uart.o)
 .text.UARTIntEnable
                0x00000000        0x8 ../ti//libdriver.a(uart.o)
 .text.UARTIntDisable
                0x00000000        0xa ../ti//libdriver.a(uart.o)
 .text.UARTIntStatus
                0x00000000        0xa ../ti//libdriver.a(uart.o)
 .text.UARTIntClear
                0x00000000        0x4 ../ti//libdriver.a(uart.o)
 .text.UARTDMAEnable
                0x00000000        0x8 ../ti//libdriver.a(uart.o)
 .text.UARTDMADisable
                0x00000000        0xa ../ti//libdriver.a(uart.o)
 .text.UARTRxErrorGet
                0x00000000        0x8 ../ti//libdriver.a(uart.o)
 .text.UARTRxErrorClear
                0x00000000        0x6 ../ti//libdriver.a(uart.o)
 .text.UARTClockSourceGet
                0x00000000        0x6 ../ti//libdriver.a(uart.o)
 .text.UART9BitEnable
                0x00000000        0xe ../ti//libdriver.a(uart.o)
 .text.UART9BitDisable
                0x00000000        0xe ../ti//libdriver.a(uart.o)
 .text.UART9BitAddrSet
                0x00000000        0xa ../ti//libdriver.a(uart.o)
 .text.UART9BitAddrSend
                0x00000000       0x2c ../ti//libdriver.a(uart.o)
 .text.UARTLoopbackEnable
                0x00000000        0xa ../ti//libdriver.a(uart.o)
 .rodata.g_ppui32UARTIntMap
                0x00000000       0x40 ../ti//libdriver.a(uart.o)
 .rodata.g_ppui32UARTIntMapSnowflake
                0x00000000       0x40 ../ti//libdriver.a(uart.o)
 .text          0x00000000        0x0 ../ti//libdriver.a(cpu.o)
 .data          0x00000000        0x0 ../ti//libdriver.a(cpu.o)
 .bss           0x00000000        0x0 ../ti//libdriver.a(cpu.o)
 .text.CPUcpsid
                0x00000000        0x8 ../ti//libdriver.a(cpu.o)
 .text.CPUprimask
                0x00000000        0x6 ../ti//libdriver.a(cpu.o)
 .text.CPUcpsie
                0x00000000        0x8 ../ti//libdriver.a(cpu.o)
 .text.CPUwfi   0x00000000        0x4 ../ti//libdriver.a(cpu.o)
 .text.CPUbasepriSet
                0x00000000        0x6 ../ti//libdriver.a(cpu.o)
 .text.CPUbasepriGet
                0x00000000        0x6 ../ti//libdriver.a(cpu.o)
 .comment       0x00000000       0x71 ../ti//libdriver.a(cpu.o)
 .ARM.attributes
                0x00000000       0x3b ../ti//libdriver.a(cpu.o)
 .text          0x00000000        0x0 /opt/arm-gnu-toolchain/bin/../lib/gcc/arm-none-eabi/15.3.1/../../../../arm-none-eabi/lib/thumb/v7e-m+fp/hard/libc_nano.a(libc_a-exit.o)
 .data          0x00000000        0x0 /opt/arm-gnu-toolchain/bin/../lib/gcc/arm-none-eabi/15.3.1/../../../../arm-none-eabi/lib/thumb/v7e-m+fp/hard/libc_nano.a(libc_a-exit.o)
 .bss           0x00000000        0x0 /opt/arm-gnu-toolchain/bin/../lib/gcc/arm-none-eabi/15.3.1/../../../../arm-none-eabi/lib/thumb/v7e-m+fp/hard/libc_nano.a(libc_a-exit.o)
 .text.exit     0x00000000       0x24 /opt/arm-gnu-toolchain/bin/../lib/gcc/arm-none-eabi/15.3.1/../../../../arm-none-eabi/lib/thumb/v7e-m+fp/hard/libc_nano.a(libc_a-exit.o)
 .debug_frame   0x00000000       0x28 /opt/arm-gnu-toolchain/bin/../lib/gcc/arm-none-eabi/15.3.1/../../../../arm-none-eabi/lib/thumb/v7e-m+fp/hard/libc_nano.a(libc_a-exit.o)
 .ARM.attributes
                0x00000000       0x34 /opt/arm-gnu-toolchain/bin/../lib/gcc/arm-none-eabi/15.3.1/../../../../arm-none-eabi/lib/thumb/v7e-m+fp/hard/libc_nano.a(libc_a-exit.o)
 .text          0x00000000        0x0 /opt/arm-gnu-toolchain/bin/../lib/gcc/arm-none-eabi/15.3.1/../../../../arm-none-eabi/lib/thumb/v7e-m+fp/hard/libc_nano.a(libc_a-findfp.o)
 .data          0x00000000        0x0 /opt/arm-gnu-toolchain/bin/../lib/gcc/arm-none-eabi/15.3.1/../../../../arm-none-eabi/lib/thumb/v7e-m+fp/hard/libc_nano.a(libc_a-findfp.o)
 .bss           0x00000000        0x0 /opt/arm-gnu-toolchain/bin/../lib/gcc/arm-none-eabi/15.3.1/../../../../arm-none-eabi/lib/thumb/v7e-m+fp/hard/libc_nano.a(libc_a-findfp.o)
 .text.std      0x00000000       0x6c /opt/arm-gnu-toolchain/bin/../lib/gcc/arm-none-eabi/15.3.1/../../../../arm-none-eabi/lib/thumb/v7e-m+fp/hard/libc_nano.a(libc_a-findfp.o)
 .text.stdio_exit_handler
                0x00000000       0x18 /opt/arm-gnu-toolchain/bin/../lib/gcc/arm-none-eabi/15.3.1/../../../../arm-none-eabi/lib/thumb/v7e-m+fp/hard/libc_nano.a(libc_a-findfp.o)
 .text.cleanup_stdio
                0x00000000       0x40 /opt/arm-gnu-toolchain/bin/../lib/gcc/arm-none-eabi/15.3.1/../../../../arm-none-eabi/lib/thumb/v7e-m+fp/hard/libc_nano.a(libc_a-findfp.o)
 .text.__fp_lock
                0x00000000       0x18 /opt/arm-gnu-toolchain/bin/../lib/gcc/arm-none-eabi/15.3.1/../../../../arm-none-eabi/lib/thumb/v7e-m+fp/hard/libc_nano.a(libc_a-findfp.o)
 .text.__fp_unlock
                0x00000000       0x18 /opt/arm-gnu-toolchain/bin/../lib/gcc/arm-none-eabi/15.3.1/../../../../arm-none-eabi/lib/thumb/v7e-m+fp/hard/libc_nano.a(libc_a-findfp.o)
 .text.global_stdio_init.part.0
                0x00000000       0x40 /opt/arm-gnu-toolchain/bin/../lib/gcc/arm-none-eabi/15.3.1/../../../../arm-none-eabi/lib/thumb/v7e-m+fp/hard/libc_nano.a(libc_a-findfp.o)
 .text.__sfp_lock_acquire
                0x00000000        0xc /opt/arm-gnu-toolchain/bin/../lib/gcc/arm-none-eabi/15.3.1/../../../../arm-none-eabi/lib/thumb/v7e-m+fp/hard/libc_nano.a(libc_a-findfp.o)
 .text.__sfp_lock_release
                0x00000000        0xc /opt/arm-gnu-toolchain/bin/../lib/gcc/arm-none-eabi/15.3.1/../../../../arm-none-eabi/lib/thumb/v7e-m+fp/hard/libc_nano.a(libc_a-findfp.o)
 .text.__sfp    0x00000000       0xa4 /opt/arm-gnu-toolchain/bin/../lib/gcc/arm-none-eabi/15.3.1/../../../../arm-none-eabi/lib/thumb/v7e-m+fp/hard/libc_nano.a(libc_a-findfp.o)
 .text.__sinit  0x00000000       0x30 /opt/arm-gnu-toolchain/bin/../lib/gcc/arm-none-eabi/15.3.1/../../../../arm-none-eabi/lib/thumb/v7e-m+fp/hard/libc_nano.a(libc_a-findfp.o)
 .text.__fp_lock_all
                0x00000000       0x1c /opt/arm-gnu-toolchain/bin/../lib/gcc/arm-none-eabi/15.3.1/../../../../arm-none-eabi/lib/thumb/v7e-m+fp/hard/libc_nano.a(libc_a-findfp.o)
 .text.__fp_unlock_all
                0x00000000       0x1c /opt/arm-gnu-toolchain/bin/../lib/gcc/arm-none-eabi/15.3.1/../../../../arm-none-eabi/lib/thumb/v7e-m+fp/hard/libc_nano.a(libc_a-findfp.o)
 .data.__sglue  0x00000000        0xc /opt/arm-gnu-toolchain/bin/../lib/gcc/arm-none-eabi/15.3.1/../../../../arm-none-eabi/lib/thumb/v7e-m+fp/hard/libc_nano.a(libc_a-findfp.o)
 .bss.__sf      0x00000000      0x138 /opt/arm-gnu-toolchain/bin/../lib/gcc/arm-none-eabi/15.3.1/../../../../arm-none-eabi/lib/thumb/v7e-m+fp/hard/libc_nano.a(libc_a-findfp.o)
 .bss.__stdio_exit_handler
                0x00000000        0x4 /opt/arm-gnu-toolchain/bin/../lib/gcc/arm-none-eabi/15.3.1/../../../../arm-none-eabi/lib/thumb/v7e-m+fp/hard/libc_nano.a(libc_a-findfp.o)
 .debug_frame   0x00000000      0x144 /opt/arm-gnu-toolchain/bin/../lib/gcc/arm-none-eabi/15.3.1/../../../../arm-none-eabi/lib/thumb/v7e-m+fp/hard/libc_nano.a(libc_a-findfp.o)
 .ARM.attributes
                0x00000000       0x34 /opt/arm-gnu-toolchain/bin/../lib/gcc/arm-none-eabi/15.3.1/../../../../arm-none-eabi/lib/thumb/v7e-m+fp/hard/libc_nano.a(libc_a-findfp.o)
 .text          0x00000000        0x0 /opt/arm-gnu-toolchain/bin/../lib/gcc/arm-none-eabi/15.3.1/../../../../arm-none-eabi/lib/thumb/v7e-m+fp/hard/libc_nano.a(libc_a-fwalk.o)
 .data          0x00000000        0x0 /opt/arm-gnu-toolchain/bin/../lib/gcc/arm-none-eabi/15.3.1/../../../../arm-none-eabi/lib/thumb/v7e-m+fp/hard/libc_nano.a(libc_a-fwalk.o)
 .bss           0x00000000        0x0 /opt/arm-gnu-toolchain/bin/../lib/gcc/arm-none-eabi/15.3.1/../../../../arm-none-eabi/lib/thumb/v7e-m+fp/hard/libc_nano.a(libc_a-fwalk.o)
 .text._fwalk_sglue
                0x00000000       0x3a /opt/arm-gnu-toolchain/bin/../lib/gcc/arm-none-eabi/15.3.1/../../../../arm-none-eabi/lib/thumb/v7e-m+fp/hard/libc_nano.a(libc_a-fwalk.o)
 .debug_frame   0x00000000       0x34 /opt/arm-gnu-toolchain/bin/../lib/gcc/arm-none-eabi/15.3.1/../../../../arm-none-eabi/lib/thumb/v7e-m+fp/hard/libc_nano.a(libc_a-fwalk.o)
 .ARM.attributes
                0x00000000       0x34 /opt/arm-gnu-toolchain/bin/../lib/gcc/arm-none-eabi/15.3.1/../../../../arm-none-eabi/lib/thumb/v7e-m+fp/hard/libc_nano.a(libc_a-fwalk.o)
 .text          0x00000000        0x0 /opt/arm-gnu-toolchain/bin/../lib/gcc/arm-none-eabi/15.3.1/../../../../arm-none-eabi/lib/thumb/v7e-m+fp/hard/libc_nano.a(libc_a-memset.o)
 .data          0x00000000        0x0 /opt/arm-gnu-toolchain/bin/../lib/gcc/arm-none-eabi/15.3.1/../../../../arm-none-eabi/lib/thumb/v7e-m+fp/hard/libc_nano.a(libc_a-memset.o)
 .bss           0x00000000        0x0 /opt/arm-gnu-toolchain/bin/../lib/gcc/arm-none-eabi/15.3.1/../../../../arm-none-eabi/lib/thumb/v7e-m+fp/hard/libc_nano.a(libc_a-memset.o)
 .text.memset   0x00000000       0x10 /opt/arm-gnu-toolchain/bin/../lib/gcc/arm-none-eabi/15.3.1/../../../../arm-none-eabi/lib/thumb/v7e-m+fp/hard/libc_nano.a(libc_a-memset.o)
 .debug_frame   0x00000000       0x20 /opt/arm-gnu-toolchain/bin/../lib/gcc/arm-none-eabi/15.3.1/../../../../arm-none-eabi/lib/thumb/v7e-m+fp/hard/libc_nano.a(libc_a-memset.o)
 .ARM.attributes
                0x00000000       0x34 /opt/arm-gnu-toolchain/bin/../lib/gcc/arm-none-eabi/15.3.1/../../../../arm-none-eabi/lib/thumb/v7e-m+fp/hard/libc_nano.a(libc_a-memset.o)
 .text          0x00000000        0x0 /opt/arm-gnu-toolchain/bin/../lib/gcc/arm-none-eabi/15.3.1/../../../../arm-none-eabi/lib/thumb/v7e-m+fp/hard/libc_nano.a(libc_a-init.o)
 .data          0x00000000        0x0 /opt/arm-gnu-toolchain/bin/../lib/gcc/arm-none-eabi/15.3.1/../../../../arm-none-eabi/lib/thumb/v7e-m+fp/hard/libc_nano.a(libc_a-init.o)
 .bss           0x00000000        0x0 /opt/arm-gnu-toolchain/bin/../lib/gcc/arm-none-eabi/15.3.1/../../../../arm-none-eabi/lib/thumb/v7e-m+fp/hard/libc_nano.a(libc_a-init.o)
 .text.__libc_init_array
                0x00000000       0x48 /opt/arm-gnu-toolchain/bin/../lib/gcc/arm-none-eabi/15.3.1/../../../../arm-none-eabi/lib/thumb/v7e-m+fp/hard/libc_nano.a(libc_a-init.o)
 .debug_frame   0x00000000       0x2c /opt/arm-gnu-toolchain/bin/../lib/gcc/arm-none-eabi/15.3.1/../../../../arm-none-eabi/lib/thumb/v7e-m+fp/hard/libc_nano.a(libc_a-init.o)
 .ARM.attributes
                0x00000000       0x34 /opt/arm-gnu-toolchain/bin/../lib/gcc/arm-none-eabi/15.3.1/../../../../arm-none-eabi/lib/thumb/v7e-m+fp/hard/libc_nano.a(libc_a-init.o)
 .text          0x00000000        0x0 /opt/arm-gnu-toolchain/bin/../lib/gcc/arm-none-eabi/15.3.1/../../../../arm-none-eabi/lib/thumb/v7e-m+fp/hard/libc_nano.a(libc_a-lock.o)
 .data          0x00000000        0x0 /opt/arm-gnu-toolchain/bin/../lib/gcc/arm-none-eabi/15.3.1/../../../../arm-none-eabi/lib/thumb/v7e-m+fp/hard/libc_nano.a(libc_a-lock.o)
 .bss           0x00000000        0x0 /opt/arm-gnu-toolchain/bin/../lib/gcc/arm-none-eabi/15.3.1/../../../../arm-none-eabi/lib/thumb/v7e-m+fp/hard/libc_nano.a(libc_a-lock.o)
 .text.__retarget_lock_init
                0x00000000        0x2 /opt/arm-gnu-toolchain/bin/../lib/gcc/arm-none-eabi/15.3.1/../../../../arm-none-eabi/lib/thumb/v7e-m+fp/hard/libc_nano.a(libc_a-lock.o)
 .text.__retarget_lock_init_recursive
                0x00000000        0x2 /opt/arm-gnu-toolchain/bin/../lib/gcc/arm-none-eabi/15.3.1/../../../../arm-none-eabi/lib/thumb/v7e-m+fp/hard/libc_nano.a(libc_a-lock.o)
 .text.__retarget_lock_close
                0x00000000        0x2 /opt/arm-gnu-toolchain/bin/../lib/gcc/arm-none-eabi/15.3.1/../../../../arm-none-eabi/lib/thumb/v7e-m+fp/hard/libc_nano.a(libc_a-lock.o)
 .text.__retarget_lock_close_recursive
                0x00000000        0x2 /opt/arm-gnu-toolchain/bin/../lib/gcc/arm-none-eabi/15.3.1/../../../../arm-none-eabi/lib/thumb/v7e-m+fp/hard/libc_nano.a(libc_a-lock.o)
 .text.__retarget_lock_acquire
                0x00000000        0x2 /opt/arm-gnu-toolchain/bin/../lib/gcc/arm-none-eabi/15.3.1/../../../../arm-none-eabi/lib/thumb/v7e-m+fp/hard/libc_nano.a(libc_a-lock.o)
 .text.__retarget_lock_acquire_recursive
                0x00000000        0x2 /opt/arm-gnu-toolchain/bin/../lib/gcc/arm-none-eabi/15.3.1/../../../../arm-none-eabi/lib/thumb/v7e-m+fp/hard/libc_nano.a(libc_a-lock.o)
 .text.__retarget_lock_try_acquire
                0x00000000        0x4 /opt/arm-gnu-toolchain/bin/../lib/gcc/arm-none-eabi/15.3.1/../../../../arm-none-eabi/lib/thumb/v7e-m+fp/hard/libc_nano.a(libc_a-lock.o)
 .text.__retarget_lock_try_acquire_recursive
                0x00000000        0x4 /opt/arm-gnu-toolchain/bin/../lib/gcc/arm-none-eabi/15.3.1/../../../../arm-none-eabi/lib/thumb/v7e-m+fp/hard/libc_nano.a(libc_a-lock.o)
 .text.__retarget_lock_release
                0x00000000        0x2 /opt/arm-gnu-toolchain/bin/../lib/gcc/arm-none-eabi/15.3.1/../../../../arm-none-eabi/lib/thumb/v7e-m+fp/hard/libc_nano.a(libc_a-lock.o)
 .text.__retarget_lock_release_recursive
                0x00000000        0x2 /opt/arm-gnu-toolchain/bin/../lib/gcc/arm-none-eabi/15.3.1/../../../../arm-none-eabi/lib/thumb/v7e-m+fp/hard/libc_nano.a(libc_a-lock.o)
 .bss.__lock___arc4random_mutex
                0x00000000        0x1 /opt/arm-gnu-toolchain/bin/../lib/gcc/arm-none-eabi/15.3.1/../../../../arm-none-eabi/lib/thumb/v7e-m+fp/hard/libc_nano.a(libc_a-lock.o)
 .bss.__lock___dd_hash_mutex
                0x00000000        0x1 /opt/arm-gnu-toolchain/bin/../lib/gcc/arm-none-eabi/15.3.1/../../../../arm-none-eabi/lib/thumb/v7e-m+fp/hard/libc_nano.a(libc_a-lock.o)
 .bss.__lock___tz_mutex
                0x00000000        0x1 /opt/arm-gnu-toolchain/bin/../lib/gcc/arm-none-eabi/15.3.1/../../../../arm-none-eabi/lib/thumb/v7e-m+fp/hard/libc_nano.a(libc_a-lock.o)
 .bss.__lock___env_recursive_mutex
                0x00000000        0x1 /opt/arm-gnu-toolchain/bin/../lib/gcc/arm-none-eabi/15.3.1/../../../../arm-none-eabi/lib/thumb/v7e-m+fp/hard/libc_nano.a(libc_a-lock.o)
 .bss.__lock___malloc_recursive_mutex
                0x00000000        0x1 /opt/arm-gnu-toolchain/bin/../lib/gcc/arm-none-eabi/15.3.1/../../../../arm-none-eabi/lib/thumb/v7e-m+fp/hard/libc_nano.a(libc_a-lock.o)
 .bss.__lock___at_quick_exit_mutex
                0x00000000        0x1 /opt/arm-gnu-toolchain/bin/../lib/gcc/arm-none-eabi/15.3.1/../../../../arm-none-eabi/lib/thumb/v7e-m+fp/hard/libc_nano.a(libc_a-lock.o)
 .bss.__lock___atexit_recursive_mutex
                0x00000000        0x1 /opt/arm-gnu-toolchain/bin/../lib/gcc/arm-none-eabi/15.3.1/../../../../arm-none-eabi/lib/thumb/v7e-m+fp/hard/libc_nano.a(libc_a-lock.o)
 .bss.__lock___sfp_recursive_mutex
                0x00000000        0x1 /opt/arm-gnu-toolchain/bin/../lib/gcc/arm-none-eabi/15.3.1/../../../../arm-none-eabi/lib/thumb/v7e-m+fp/hard/libc_nano.a(libc_a-lock.o)
 .debug_frame   0x00000000       0xb0 /opt/arm-gnu-toolchain/bin/../lib/gcc/arm-none-eabi/15.3.1/../../../../arm-none-eabi/lib/thumb/v7e-m+fp/hard/libc_nano.a(libc_a-lock.o)
 .ARM.attributes
                0x00000000       0x34 /opt/arm-gnu-toolchain/bin/../lib/gcc/arm-none-eabi/15.3.1/../../../../arm-none-eabi/lib/thumb/v7e-m+fp/hard/libc_nano.a(libc_a-lock.o)
 .text          0x00000000        0x0 /opt/arm-gnu-toolchain/bin/../lib/gcc/arm-none-eabi/15.3.1/../../../../arm-none-eabi/lib/thumb/v7e-m+fp/hard/libc_nano.a(libc_a-impure.o)
 .data          0x00000000        0x0 /opt/arm-gnu-toolchain/bin/../lib/gcc/arm-none-eabi/15.3.1/../../../../arm-none-eabi/lib/thumb/v7e-m+fp/hard/libc_nano.a(libc_a-impure.o)
 .bss           0x00000000        0x0 /opt/arm-gnu-toolchain/bin/../lib/gcc/arm-none-eabi/15.3.1/../../../../arm-none-eabi/lib/thumb/v7e-m+fp/hard/libc_nano.a(libc_a-impure.o)
 .data._impure_ptr
                0x00000000        0x4 /opt/arm-gnu-toolchain/bin/../lib/gcc/arm-none-eabi/15.3.1/../../../../arm-none-eabi/lib/thumb/v7e-m+fp/hard/libc_nano.a(libc_a-impure.o)
 .data._impure_data
                0x00000000       0x4c /opt/arm-gnu-toolchain/bin/../lib/gcc/arm-none-eabi/15.3.1/../../../../arm-none-eabi/lib/thumb/v7e-m+fp/hard/libc_nano.a(libc_a-impure.o)
 .ARM.attributes
                0x00000000       0x34 /opt/arm-gnu-toolchain/bin/../lib/gcc/arm-none-eabi/15.3.1/../../../../arm-none-eabi/lib/thumb/v7e-m+fp/hard/libc_nano.a(libc_a-impure.o)
 .text          0x00000000        0x0 /opt/arm-gnu-toolchain/bin/../lib/gcc/arm-none-eabi/15.3.1/../../../../arm-none-eabi/lib/thumb/v7e-m+fp/hard/libc_nano.a(libc_a-mallocr.o)
 .data          0x00000000        0x0 /opt/arm-gnu-toolchain/bin/../lib/gcc/arm-none-eabi/15.3.1/../../../../arm-none-eabi/lib/thumb/v7e-m+fp/hard/libc_nano.a(libc_a-mallocr.o)
 .bss           0x00000000        0x0 /opt/arm-gnu-toolchain/bin/../lib/gcc/arm-none-eabi/15.3.1/../../../../arm-none-eabi/lib/thumb/v7e-m+fp/hard/libc_nano.a(libc_a-mallocr.o)
 .text.sbrk_aligned
                0x00000000       0x44 /opt/arm-gnu-toolchain/bin/../lib/gcc/arm-none-eabi/15.3.1/../../../../arm-none-eabi/lib/thumb/v7e-m+fp/hard/libc_nano.a(libc_a-mallocr.o)
 .text._malloc_r
                0x00000000       0xf8 /opt/arm-gnu-toolchain/bin/../lib/gcc/arm-none-eabi/15.3.1/../../../../arm-none-eabi/lib/thumb/v7e-m+fp/hard/libc_nano.a(libc_a-mallocr.o)
 .bss.__malloc_sbrk_start
                0x00000000        0x4 /opt/arm-gnu-toolchain/bin/../lib/gcc/arm-none-eabi/15.3.1/../../../../arm-none-eabi/lib/thumb/v7e-m+fp/hard/libc_nano.a(libc_a-mallocr.o)
 .bss.__malloc_free_list
                0x00000000        0x4 /opt/arm-gnu-toolchain/bin/../lib/gcc/arm-none-eabi/15.3.1/../../../../arm-none-eabi/lib/thumb/v7e-m+fp/hard/libc_nano.a(libc_a-mallocr.o)
 .debug_frame   0x00000000       0x50 /opt/arm-gnu-toolchain/bin/../lib/gcc/arm-none-eabi/15.3.1/../../../../arm-none-eabi/lib/thumb/v7e-m+fp/hard/libc_nano.a(libc_a-mallocr.o)
 .ARM.attributes
                0x00000000       0x34 /opt/arm-gnu-toolchain/bin/../lib/gcc/arm-none-eabi/15.3.1/../../../../arm-none-eabi/lib/thumb/v7e-m+fp/hard/libc_nano.a(libc_a-mallocr.o)
 .text          0x00000000        0x0 /opt/arm-gnu-toolchain/bin/../lib/gcc/arm-none-eabi/15.3.1/../../../../arm-none-eabi/lib/thumb/v7e-m+fp/hard/libc_nano.a(libc_a-mlock.o)
 .data          0x00000000        0x0 /opt/arm-gnu-toolchain/bin/../lib/gcc/arm-none-eabi/15.3.1/../../../../arm-none-eabi/lib/thumb/v7e-m+fp/hard/libc_nano.a(libc_a-mlock.o)
 .bss           0x00000000        0x0 /opt/arm-gnu-toolchain/bin/../lib/gcc/arm-none-eabi/15.3.1/../../../../arm-none-eabi/lib/thumb/v7e-m+fp/hard/libc_nano.a(libc_a-mlock.o)
 .text.__malloc_lock
                0x00000000        0xc /opt/arm-gnu-toolchain/bin/../lib/gcc/arm-none-eabi/15.3.1/../../../../arm-none-eabi/lib/thumb/v7e-m+fp/hard/libc_nano.a(libc_a-mlock.o)
 .text.__malloc_unlock
                0x00000000        0xc /opt/arm-gnu-toolchain/bin/../lib/gcc/arm-none-eabi/15.3.1/../../../../arm-none-eabi/lib/thumb/v7e-m+fp/hard/libc_nano.a(libc_a-mlock.o)
 .debug_frame   0x00000000       0x30 /opt/arm-gnu-toolchain/bin/../lib/gcc/arm-none-eabi/15.3.1/../../../../arm-none-eabi/lib/thumb/v7e-m+fp/hard/libc_nano.a(libc_a-mlock.o)
 .ARM.attributes
                0x00000000       0x34 /opt/arm-gnu-toolchain/bin/../lib/gcc/arm-none-eabi/15.3.1/../../../../arm-none-eabi/lib/thumb/v7e-m+fp/hard/libc_nano.a(libc_a-mlock.o)
 .text          0x00000000        0x0 /opt/arm-gnu-toolchain/bin/../lib/gcc/arm-none-eabi/15.3.1/../../../../arm-none-eabi/lib/thumb/v7e-m+fp/hard/libc_nano.a(libc_a-stdio.o)
 .data          0x00000000        0x0 /opt/arm-gnu-toolchain/bin/../lib/gcc/arm-none-eabi/15.3.1/../../../../arm-none-eabi/lib/thumb/v7e-m+fp/hard/libc_nano.a(libc_a-stdio.o)
 .bss           0x00000000        0x0 /opt/arm-gnu-toolchain/bin/../lib/gcc/arm-none-eabi/15.3.1/../../../../arm-none-eabi/lib/thumb/v7e-m+fp/hard/libc_nano.a(libc_a-stdio.o)
 .text.__sread  0x00000000       0x22 /opt/arm-gnu-toolchain/bin/../lib/gcc/arm-none-eabi/15.3.1/../../../../arm-none-eabi/lib/thumb/v7e-m+fp/hard/libc_nano.a(libc_a-stdio.o)
 .text.__seofread
                0x00000000        0x4 /opt/arm-gnu-toolchain/bin/../lib/gcc/arm-none-eabi/15.3.1/../../../../arm-none-eabi/lib/thumb/v7e-m+fp/hard/libc_nano.a(libc_a-stdio.o)
 .text.__swrite
                0x00000000       0x38 /opt/arm-gnu-toolchain/bin/../lib/gcc/arm-none-eabi/15.3.1/../../../../arm-none-eabi/lib/thumb/v7e-m+fp/hard/libc_nano.a(libc_a-stdio.o)
 .text.__sseek  0x00000000       0x26 /opt/arm-gnu-toolchain/bin/../lib/gcc/arm-none-eabi/15.3.1/../../../../arm-none-eabi/lib/thumb/v7e-m+fp/hard/libc_nano.a(libc_a-stdio.o)
 .text.__sclose
                0x00000000        0x8 /opt/arm-gnu-toolchain/bin/../lib/gcc/arm-none-eabi/15.3.1/../../../../arm-none-eabi/lib/thumb/v7e-m+fp/hard/libc_nano.a(libc_a-stdio.o)
 .debug_frame   0x00000000       0x88 /opt/arm-gnu-toolchain/bin/../lib/gcc/arm-none-eabi/15.3.1/../../../../arm-none-eabi/lib/thumb/v7e-m+fp/hard/libc_nano.a(libc_a-stdio.o)
 .ARM.attributes
                0x00000000       0x34 /opt/arm-gnu-toolchain/bin/../lib/gcc/arm-none-eabi/15.3.1/../../../../arm-none-eabi/lib/thumb/v7e-m+fp/hard/libc_nano.a(libc_a-stdio.o)
 .text          0x00000000        0x0 /opt/arm-gnu-toolchain/bin/../lib/gcc/arm-none-eabi/15.3.1/../../../../arm-none-eabi/lib/thumb/v7e-m+fp/hard/libc_nano.a(libc_a-fflush.o)
 .data          0x00000000        0x0 /opt/arm-gnu-toolchain/bin/../lib/gcc/arm-none-eabi/15.3.1/../../../../arm-none-eabi/lib/thumb/v7e-m+fp/hard/libc_nano.a(libc_a-fflush.o)
 .bss           0x00000000        0x0 /opt/arm-gnu-toolchain/bin/../lib/gcc/arm-none-eabi/15.3.1/../../../../arm-none-eabi/lib/thumb/v7e-m+fp/hard/libc_nano.a(libc_a-fflush.o)
 .text.__sflush_r
                0x00000000      0x100 /opt/arm-gnu-toolchain/bin/../lib/gcc/arm-none-eabi/15.3.1/../../../../arm-none-eabi/lib/thumb/v7e-m+fp/hard/libc_nano.a(libc_a-fflush.o)
 .text._fflush_r
                0x00000000       0x50 /opt/arm-gnu-toolchain/bin/../lib/gcc/arm-none-eabi/15.3.1/../../../../arm-none-eabi/lib/thumb/v7e-m+fp/hard/libc_nano.a(libc_a-fflush.o)
 .text.fflush   0x00000000       0x28 /opt/arm-gnu-toolchain/bin/../lib/gcc/arm-none-eabi/15.3.1/../../../../arm-none-eabi/lib/thumb/v7e-m+fp/hard/libc_nano.a(libc_a-fflush.o)
 .debug_frame   0x00000000       0x5c /opt/arm-gnu-toolchain/bin/../lib/gcc/arm-none-eabi/15.3.1/../../../../arm-none-eabi/lib/thumb/v7e-m+fp/hard/libc_nano.a(libc_a-fflush.o)
 .ARM.attributes
                0x00000000       0x34 /opt/arm-gnu-toolchain/bin/../lib/gcc/arm-none-eabi/15.3.1/../../../../arm-none-eabi/lib/thumb/v7e-m+fp/hard/libc_nano.a(libc_a-fflush.o)
 .text          0x00000000        0x0 /opt/arm-gnu-toolchain/bin/../lib/gcc/arm-none-eabi/15.3.1/../../../../arm-none-eabi/lib/thumb/v7e-m+fp/hard/libc_nano.a(libc_a-lseekr.o)
 .data          0x00000000        0x0 /opt/arm-gnu-toolchain/bin/../lib/gcc/arm-none-eabi/15.3.1/../../../../arm-none-eabi/lib/thumb/v7e-m+fp/hard/libc_nano.a(libc_a-lseekr.o)
 .bss           0x00000000        0x0 /opt/arm-gnu-toolchain/bin/../lib/gcc/arm-none-eabi/15.3.1/../../../../arm-none-eabi/lib/thumb/v7e-m+fp/hard/libc_nano.a(libc_a-lseekr.o)
 .text._lseek_r
                0x00000000       0x24 /opt/arm-gnu-toolchain/bin/../lib/gcc/arm-none-eabi/15.3.1/../../../../arm-none-eabi/lib/thumb/v7e-m+fp/hard/libc_nano.a(libc_a-lseekr.o)
 .debug_frame   0x00000000       0x2c /opt/arm-gnu-toolchain/bin/../lib/gcc/arm-none-eabi/15.3.1/../../../../arm-none-eabi/lib/thumb/v7e-m+fp/hard/libc_nano.a(libc_a-lseekr.o)
 .ARM.attributes
                0x00000000       0x34 /opt/arm-gnu-toolchain/bin/../lib/gcc/arm-none-eabi/15.3.1/../../../../arm-none-eabi/lib/thumb/v7e-m+fp/hard/libc_nano.a(libc_a-lseekr.o)
 .text          0x00000000        0x0 /opt/arm-gnu-toolchain/bin/../lib/gcc/arm-none-eabi/15.3.1/../../../../arm-none-eabi/lib/thumb/v7e-m+fp/hard/libc_nano.a(libc_a-readr.o)
 .data          0x00000000        0x0 /opt/arm-gnu-toolchain/bin/../lib/gcc/arm-none-eabi/15.3.1/../../../../arm-none-eabi/lib/thumb/v7e-m+fp/hard/libc_nano.a(libc_a-readr.o)
 .bss           0x00000000        0x0 /opt/arm-gnu-toolchain/bin/../lib/gcc/arm-none-eabi/15.3.1/../../../../arm-none-eabi/lib/thumb/v7e-m+fp/hard/libc_nano.a(libc_a-readr.o)
 .text._read_r  0x00000000       0x24 /opt/arm-gnu-toolchain/bin/../lib/gcc/arm-none-eabi/15.3.1/../../../../arm-none-eabi/lib/thumb/v7e-m+fp/hard/libc_nano.a(libc_a-readr.o)
 .debug_frame   0x00000000       0x2c /opt/arm-gnu-toolchain/bin/../lib/gcc/arm-none-eabi/15.3.1/../../../../arm-none-eabi/lib/thumb/v7e-m+fp/hard/libc_nano.a(libc_a-readr.o)
 .ARM.attributes
                0x00000000       0x34 /opt/arm-gnu-toolchain/bin/../lib/gcc/arm-none-eabi/15.3.1/../../../../arm-none-eabi/lib/thumb/v7e-m+fp/hard/libc_nano.a(libc_a-readr.o)
 .text          0x00000000        0x0 /opt/arm-gnu-toolchain/bin/../lib/gcc/arm-none-eabi/15.3.1/../../../../arm-none-eabi/lib/thumb/v7e-m+fp/hard/libc_nano.a(libc_a-sbrkr.o)
 .data          0x00000000        0x0 /opt/arm-gnu-toolchain/bin/../lib/gcc/arm-none-eabi/15.3.1/../../../../arm-none-eabi/lib/thumb/v7e-m+fp/hard/libc_nano.a(libc_a-sbrkr.o)
 .bss           0x00000000        0x0 /opt/arm-gnu-toolchain/bin/../lib/gcc/arm-none-eabi/15.3.1/../../../../arm-none-eabi/lib/thumb/v7e-m+fp/hard/libc_nano.a(libc_a-sbrkr.o)
 .text._sbrk_r  0x00000000       0x20 /opt/arm-gnu-toolchain/bin/../lib/gcc/arm-none-eabi/15.3.1/../../../../arm-none-eabi/lib/thumb/v7e-m+fp/hard/libc_nano.a(libc_a-sbrkr.o)
 .debug_frame   0x00000000       0x2c /opt/arm-gnu-toolchain/bin/../lib/gcc/arm-none-eabi/15.3.1/../../../../arm-none-eabi/lib/thumb/v7e-m+fp/hard/libc_nano.a(libc_a-sbrkr.o)
 .ARM.attributes
                0x00000000       0x34 /opt/arm-gnu-toolchain/bin/../lib/gcc/arm-none-eabi/15.3.1/../../../../arm-none-eabi/lib/thumb/v7e-m+fp/hard/libc_nano.a(libc_a-sbrkr.o)
 .text          0x00000000        0x0 /opt/arm-gnu-toolchain/bin/../lib/gcc/arm-none-eabi/15.3.1/../../../../arm-none-eabi/lib/thumb/v7e-m+fp/hard/libc_nano.a(libc_a-writer.o)
 .data          0x00000000        0x0 /opt/arm-gnu-toolchain/bin/../lib/gcc/arm-none-eabi/15.3.1/../../../../arm-none-eabi/lib/thumb/v7e-m+fp/hard/libc_nano.a(libc_a-writer.o)
 .bss           0x00000000        0x0 /opt/arm-gnu-toolchain/bin/../lib/gcc/arm-none-eabi/15.3.1/../../../../arm-none-eabi/lib/thumb/v7e-m+fp/hard/libc_nano.a(libc_a-writer.o)
 .text._write_r
                0x00000000       0x24 /opt/arm-gnu-toolchain/bin/../lib/gcc/arm-none-eabi/15.3.1/../../../../arm-none-eabi/lib/thumb/v7e-m+fp/hard/libc_nano.a(libc_a-writer.o)
 .debug_frame   0x00000000       0x2c /opt/arm-gnu-toolchain/bin/../lib/gcc/arm-none-eabi/15.3.1/../../../../arm-none-eabi/lib/thumb/v7e-m+fp/hard/libc_nano.a(libc_a-writer.o)
 .ARM.attributes
                0x00000000       0x34 /opt/arm-gnu-toolchain/bin/../lib/gcc/arm-none-eabi/15.3.1/../../../../arm-none-eabi/lib/thumb/v7e-m+fp/hard/libc_nano.a(libc_a-writer.o)
 .text          0x00000000        0x0 /opt/arm-gnu-toolchain/bin/../lib/gcc/arm-none-eabi/15.3.1/../../../../arm-none-eabi/lib/thumb/v7e-m+fp/hard/libc_nano.a(libc_a-closer.o)
 .data          0x00000000        0x0 /opt/arm-gnu-toolchain/bin/../lib/gcc/arm-none-eabi/15.3.1/../../../../arm-none-eabi/lib/thumb/v7e-m+fp/hard/libc_nano.a(libc_a-closer.o)
 .bss           0x00000000        0x0 /opt/arm-gnu-toolchain/bin/../lib/gcc/arm-none-eabi/15.3.1/../../../../arm-none-eabi/lib/thumb/v7e-m+fp/hard/libc_nano.a(libc_a-closer.o)
 .text._close_r
                0x00000000       0x20 /opt/arm-gnu-toolchain/bin/../lib/gcc/arm-none-eabi/15.3.1/../../../../arm-none-eabi/lib/thumb/v7e-m+fp/hard/libc_nano.a(libc_a-closer.o)
 .debug_frame   0x00000000       0x2c /opt/arm-gnu-toolchain/bin/../lib/gcc/arm-none-eabi/15.3.1/../../../../arm-none-eabi/lib/thumb/v7e-m+fp/hard/libc_nano.a(libc_a-closer.o)
 .ARM.attributes
                0x00000000       0x34 /opt/arm-gnu-toolchain/bin/../lib/gcc/arm-none-eabi/15.3.1/../../../../arm-none-eabi/lib/thumb/v7e-m+fp/hard/libc_nano.a(libc_a-closer.o)
 .text          0x00000000        0x0 /opt/arm-gnu-toolchain/bin/../lib/gcc/arm-none-eabi/15.3.1/../../../../arm-none-eabi/lib/thumb/v7e-m+fp/hard/libc_nano.a(libc_a-reent.o)
 .data          0x00000000        0x0 /opt/arm-gnu-toolchain/bin/../lib/gcc/arm-none-eabi/15.3.1/../../../../arm-none-eabi/lib/thumb/v7e-m+fp/hard/libc_nano.a(libc_a-reent.o)
 .bss           0x00000000        0x0 /opt/arm-gnu-toolchain/bin/../lib/gcc/arm-none-eabi/15.3.1/../../../../arm-none-eabi/lib/thumb/v7e-m+fp/hard/libc_nano.a(libc_a-reent.o)
 .text._reclaim_reent
                0x00000000       0xbc /opt/arm-gnu-toolchain/bin/../lib/gcc/arm-none-eabi/15.3.1/../../../../arm-none-eabi/lib/thumb/v7e-m+fp/hard/libc_nano.a(libc_a-reent.o)
 .bss.errno     0x00000000        0x4 /opt/arm-gnu-toolchain/bin/../lib/gcc/arm-none-eabi/15.3.1/../../../../arm-none-eabi/lib/thumb/v7e-m+fp/hard/libc_nano.a(libc_a-reent.o)
 .debug_frame   0x00000000       0x38 /opt/arm-gnu-toolchain/bin/../lib/gcc/arm-none-eabi/15.3.1/../../../../arm-none-eabi/lib/thumb/v7e-m+fp/hard/libc_nano.a(libc_a-reent.o)
 .ARM.attributes
                0x00000000       0x34 /opt/arm-gnu-toolchain/bin/../lib/gcc/arm-none-eabi/15.3.1/../../../../arm-none-eabi/lib/thumb/v7e-m+fp/hard/libc_nano.a(libc_a-reent.o)
 .text          0x00000000        0x0 /opt/arm-gnu-toolchain/bin/../lib/gcc/arm-none-eabi/15.3.1/../../../../arm-none-eabi/lib/thumb/v7e-m+fp/hard/libc_nano.a(libc_a-freer.o)
 .data          0x00000000        0x0 /opt/arm-gnu-toolchain/bin/../lib/gcc/arm-none-eabi/15.3.1/../../../../arm-none-eabi/lib/thumb/v7e-m+fp/hard/libc_nano.a(libc_a-freer.o)
 .bss           0x00000000        0x0 /opt/arm-gnu-toolchain/bin/../lib/gcc/arm-none-eabi/15.3.1/../../../../arm-none-eabi/lib/thumb/v7e-m+fp/hard/libc_nano.a(libc_a-freer.o)
 .text._free_r  0x00000000       0x98 /opt/arm-gnu-toolchain/bin/../lib/gcc/arm-none-eabi/15.3.1/../../../../arm-none-eabi/lib/thumb/v7e-m+fp/hard/libc_nano.a(libc_a-freer.o)
 .debug_frame   0x00000000       0x38 /opt/arm-gnu-toolchain/bin/../lib/gcc/arm-none-eabi/15.3.1/../../../../arm-none-eabi/lib/thumb/v7e-m+fp/hard/libc_nano.a(libc_a-freer.o)
 .ARM.attributes
                0x00000000       0x34 /opt/arm-gnu-toolchain/bin/../lib/gcc/arm-none-eabi/15.3.1/../../../../arm-none-eabi/lib/thumb/v7e-m+fp/hard/libc_nano.a(libc_a-freer.o)
 .text          0x00000000        0x0 /opt/arm-gnu-toolchain/bin/../lib/gcc/arm-none-eabi/15.3.1/../../../../arm-none-eabi/lib/thumb/v7e-m+fp/hard/libnosys.a(sbrk.o)
 .data          0x00000000        0x0 /opt/arm-gnu-toolchain/bin/../lib/gcc/arm-none-eabi/15.3.1/../../../../arm-none-eabi/lib/thumb/v7e-m+fp/hard/libnosys.a(sbrk.o)
 .bss           0x00000000        0x0 /opt/arm-gnu-toolchain/bin/../lib/gcc/arm-none-eabi/15.3.1/../../../../arm-none-eabi/lib/thumb/v7e-m+fp/hard/libnosys.a(sbrk.o)
 .text._sbrk    0x00000000       0x1c /opt/arm-gnu-toolchain/bin/../lib/gcc/arm-none-eabi/15.3.1/../../../../arm-none-eabi/lib/thumb/v7e-m+fp/hard/libnosys.a(sbrk.o)
 .bss.heap_end.0
                0x00000000        0x4 /opt/arm-gnu-toolchain/bin/../lib/gcc/arm-none-eabi/15.3.1/../../../../arm-none-eabi/lib/thumb/v7e-m+fp/hard/libnosys.a(sbrk.o)
 .debug_frame   0x00000000       0x20 /opt/arm-gnu-toolchain/bin/../lib/gcc/arm-none-eabi/15.3.1/../../../../arm-none-eabi/lib/thumb/v7e-m+fp/hard/libnosys.a(sbrk.o)
 .ARM.attributes
                0x00000000       0x34 /opt/arm-gnu-toolchain/bin/../lib/gcc/arm-none-eabi/15.3.1/../../../../arm-none-eabi/lib/thumb/v7e-m+fp/hard/libnosys.a(sbrk.o)
 .text          0x00000000        0x0 /opt/arm-gnu-toolchain/bin/../lib/gcc/arm-none-eabi/15.3.1/../../../../arm-none-eabi/lib/thumb/v7e-m+fp/hard/libnosys.a(_exit.o)
 .data          0x00000000        0x0 /opt/arm-gnu-toolchain/bin/../lib/gcc/arm-none-eabi/15.3.1/../../../../arm-none-eabi/lib/thumb/v7e-m+fp/hard/libnosys.a(_exit.o)
 .bss           0x00000000        0x0 /opt/arm-gnu-toolchain/bin/../lib/gcc/arm-none-eabi/15.3.1/../../../../arm-none-eabi/lib/thumb/v7e-m+fp/hard/libnosys.a(_exit.o)
 .text._exit    0x00000000        0x4 /opt/arm-gnu-toolchain/bin/../lib/gcc/arm-none-eabi/15.3.1/../../../../arm-none-eabi/lib/thumb/v7e-m+fp/hard/libnosys.a(_exit.o)
 .debug_frame   0x00000000       0x20 /opt/arm-gnu-toolchain/bin/../lib/gcc/arm-none-eabi/15.3.1/../../../../arm-none-eabi/lib/thumb/v7e-m+fp/hard/libnosys.a(_exit.o)
 .ARM.attributes
                0x00000000       0x34 /opt/arm-gnu-toolchain/bin/../lib/gcc/arm-none-eabi/15.3.1/../../../../arm-none-eabi/lib/thumb/v7e-m+fp/hard/libnosys.a(_exit.o)
 .text          0x00000000        0x0 /opt/arm-gnu-toolchain/bin/../lib/gcc/arm-none-eabi/15.3.1/thumb/v7e-m+fp/hard/crtend.o
 .data          0x00000000        0x0 /opt/arm-gnu-toolchain/bin/../lib/gcc/arm-none-eabi/15.3.1/thumb/v7e-m+fp/hard/crtend.o
 .bss           0x00000000        0x0 /opt/arm-gnu-toolchain/bin/../lib/gcc/arm-none-eabi/15.3.1/thumb/v7e-m+fp/hard/crtend.o
 .rodata.all_implied_fbits
                0x00000000       0x24 /opt/arm-gnu-toolchain/bin/../lib/gcc/arm-none-eabi/15.3.1/thumb/v7e-m+fp/hard/crtend.o
 .eh_frame      0x00000000        0x4 /opt/arm-gnu-toolchain/bin/../lib/gcc/arm-none-eabi/15.3.1/thumb/v7e-m+fp/hard/crtend.o
 .tm_clone_table
                0x00000000        0x0 /opt/arm-gnu-toolchain/bin/../lib/gcc/arm-none-eabi/15.3.1/thumb/v7e-m+fp/hard/crtend.o
 .ARM.attributes
                0x00000000       0x34 /opt/arm-gnu-toolchain/bin/../lib/gcc/arm-none-eabi/15.3.1/thumb/v7e-m+fp/hard/crtend.o
 .text          0x00000000        0x0 /opt/arm-gnu-toolchain/bin/../lib/gcc/arm-none-eabi/15.3.1/thumb/v7e-m+fp/hard/crtn.o
 .data          0x00000000        0x0 /opt/arm-gnu-toolchain/bin/../lib/gcc/arm-none-eabi/15.3.1/thumb/v7e-m+fp/hard/crtn.o
 .bss           0x00000000        0x0 /opt/arm-gnu-toolchain/bin/../lib/gcc/arm-none-eabi/15.3.1/thumb/v7e-m+fp/hard/crtn.o
 .init          0x00000000        0x8 /opt/arm-gnu-toolchain/bin/../lib/gcc/arm-none-eabi/15.3.1/thumb/v7e-m+fp/hard/crtn.o
 .fini          0x00000000        0x8 /opt/arm-gnu-toolchain/bin/../lib/gcc/arm-none-eabi/15.3.1/thumb/v7e-m+fp/hard/crtn.o
 .ARM.attributes
                0x00000000       0x22 /opt/arm-gnu-toolchain/bin/../lib/gcc/arm-none-eabi/15.3.1/thumb/v7e-m+fp/hard/crtn.o

Memory Configuration

Name             Origin             Length             Attributes
FLASH            0x00000000         0x00040000         xr
SRAM             0x20000000         0x00008000         xrw
*default*        0x00000000         0xffffffff

Linker script and memory map

LOAD /opt/arm-gnu-toolchain/bin/../lib/gcc/arm-none-eabi/15.3.1/thumb/v7e-m+fp/hard/crti.o
LOAD /opt/arm-gnu-toolchain/bin/../lib/gcc/arm-none-eabi/15.3.1/thumb/v7e-m+fp/hard/crtbegin.o
LOAD /opt/arm-gnu-toolchain/bin/../lib/gcc/arm-none-eabi/15.3.1/../../../../arm-none-eabi/lib/thumb/v7e-m+fp/hard/crt0.o

.text           0x00000000      0xd27
                0x00000000                        _text = .
 *(.isr_vector)
 .isr_vector    0x00000000      0x26c startup.o
                0x00000000                g_pfnVectors
 *(.text*)
 .text.main     0x0000026c       0x44 main.o
                0x0000026c                main
 .text.PortFInit
                0x000002b0       0x98 main.o
                0x000002b0                PortFInit
 .text.Delay100ms
                0x00000348       0x38 main.o
                0x00000348                Delay100ms
 .text.SetOrToggleLED
                0x00000380       0x2e led_control.o
                0x00000380                SetOrToggleLED
 *fill*         0x000003ae        0x2 
 .text.ResetISR
                0x000003b0       0x6c startup.o
                0x000003b0                ResetISR
 .text.NmiSR    0x0000041c        0x8 startup.o
 .text.FaultISR
                0x00000424        0x8 startup.o
 .text.IntDefaultHandler
                0x0000042c        0x8 startup.o
 .text.UARTStdioConfig
                0x00000434       0x98 uartstdio.o
                0x00000434                UARTStdioConfig
 .text.UARTwrite
                0x000004cc       0x68 uartstdio.o
                0x000004cc                UARTwrite
 .text.UARTvprintf
                0x00000534      0x2f4 uartstdio.o
                0x00000534                UARTvprintf
 .text.UARTprintf
                0x00000828       0x24 uartstdio.o
                0x00000828                UARTprintf
 .text.StudentCodeAssessment
                0x0000084c       0x98 verify.o
                0x0000084c                StudentCodeAssessment
 .text.GPIOFIntHandler
                0x000008e4       0x24 verify.o
                0x000008e4                GPIOFIntHandler
 .text.ConfigureInt
                0x00000908       0x40 verify.o
                0x00000908                ConfigureInt
 .text.ConfigureUART
                0x00000948       0x5c verify.o
                0x00000948                ConfigureUART
 .text.VerifyReg
                0x000009a4       0x20 verify.o
                0x000009a4                VerifyReg
 .text.VerifyPortFInit
                0x000009c4       0xe0 verify.o
                0x000009c4                VerifyPortFInit
 .text.BESGrader
                0x00000aa4       0x1c verify.o
                0x00000aa4                BESGrader
 .text.GPIOIntTypeSet
                0x00000ac0       0x5a ../ti//libdriver.a(gpio.o)
                0x00000ac0                GPIOIntTypeSet
 .text.GPIOIntEnable
                0x00000b1a        0xc ../ti//libdriver.a(gpio.o)
                0x00000b1a                GPIOIntEnable
 .text.GPIOIntStatus
                0x00000b26        0xe ../ti//libdriver.a(gpio.o)
                0x00000b26                GPIOIntStatus
 .text.GPIOIntClear
                0x00000b34        0x6 ../ti//libdriver.a(gpio.o)
                0x00000b34                GPIOIntClear
 .text.UARTClockSourceSet
                0x00000b3a        0x6 ../ti//libdriver.a(uart.o)
                0x00000b3a                UARTClockSourceSet
 *(.rodata*)
 .rodata        0x00000b40       0x26 uartstdio.o
 *fill*         0x00000b66        0x2 
 .rodata.g_ui32UARTBase
                0x00000b68        0xc uartstdio.o
 .rodata.g_ui32UARTPeriph
                0x00000b74        0xc uartstdio.o
 .rodata.StudentCodeAssessment.str1.1
                0x00000b80      0x1a7 verify.o
                                 0x9a (size before relaxing)
 .rodata.VerifyReg.str1.1
                0x00000d27        0x0 verify.o
                                 0x30 (size before relaxing)
 .rodata.VerifyPortFInit.str1.1
                0x00000d27        0x0 verify.o
                                 0xdd (size before relaxing)
                0x00000d27                        _etext = .

.glue_7         0x00000d28        0x0
 .glue_7        0x00000d28        0x0 linker stubs

.glue_7t        0x00000d28        0x0
 .glue_7t       0x00000d28        0x0 linker stubs

.vfp11_veneer   0x00000d28        0x0
 .vfp11_veneer  0x00000d28        0x0 linker stubs

.v4_bx          0x00000d28        0x0
 .v4_bx         0x00000d28        0x0 linker stubs

.init           0x00000d28        0x4
 .init          0x00000d28        0x4 /opt/arm-gnu-toolchain/bin/../lib/gcc/arm-none-eabi/15.3.1/thumb/v7e-m+fp/hard/crti.o
                0x00000d28                _init

.fini           0x00000d2c        0x4
 .fini          0x00000d2c        0x4 /opt/arm-gnu-toolchain/bin/../lib/gcc/arm-none-eabi/15.3.1/thumb/v7e-m+fp/hard/crti.o
                0x00000d2c                _fini

.iplt           0x00000d30        0x0
 .iplt          0x00000d30        0x0 main.o

.rel.dyn        0x00000d30        0x0
 .rel.iplt      0x00000d30        0x0 main.o

.ARM.exidx
 *(.ARM.exidx*)
 *(.gnu.linkonce.armexidx.*)

.data           0x20000000        0x0 load address 0x00000d30
                0x20000000                        _data = .
                0x00000d30                        _ldata = LOADADDR (.data)
 *(vtable)
 *(.data*)
                0x20000000                        _edata = .

.igot.plt       0x20000000        0x0 load address 0x00000d30
 .igot.plt      0x20000000        0x0 main.o

.bss            0x20000000      0x214 load address 0x00000d30
                0x20000000                        _bss = .
 *(.bss*)
 .bss.pui32Stack
                0x20000000      0x200 startup.o
 .bss.g_ui32Base
                0x20000200        0x4 uartstdio.o
 .bss.assesment_done
                0x20000204        0x1 verify.o
                0x20000204                assesment_done
 .bss.issue     0x20000205        0x1 verify.o
                0x20000205                issue
 *fill*         0x20000206        0x2 
 .bss.count     0x20000208        0x4 verify.o
                0x20000208                count
 .bss.score     0x2000020c        0x4 verify.o
                0x2000020c                score
 .bss.previous  0x20000210        0x4 verify.o
                0x20000210                previous
 *(COMMON)
                0x20000214                        _ebss = .
LOAD main.o
LOAD led_control.o
LOAD startup.o
LOAD uartstdio.o
LOAD syscalls.o
LOAD verify.o
LOAD ../ti//libdriver.a
LOAD /opt/arm-gnu-toolchain/bin/../lib/gcc/arm-none-eabi/15.3.1/thumb/v7e-m+fp/hard/libgcc.a
LOAD /opt/arm-gnu-toolchain/bin/../lib/gcc/arm-none-eabi/15.3.1/../../../../arm-none-eabi/lib/thumb/v7e-m+fp/hard/libc_nano.a
LOAD /opt/arm-gnu-toolchain/bin/../lib/gcc/arm-none-eabi/15.3.1/../../../../arm-none-eabi/lib/thumb/v7e-m+fp/hard/libm.a
START GROUP
LOAD /opt/arm-gnu-toolchain/bin/../lib/gcc/arm-none-eabi/15.3.1/thumb/v7e-m+fp/hard/libgcc.a
LOAD /opt/arm-gnu-toolchain/bin/../lib/gcc/arm-none-eabi/15.3.1/../../../../arm-none-eabi/lib/thumb/v7e-m+fp/hard/libc_nano.a
END GROUP
START GROUP
LOAD /opt/arm-gnu-toolchain/bin/../lib/gcc/arm-none-eabi/15.3.1/thumb/v7e-m+fp/hard/libgcc.a
LOAD /opt/arm-gnu-toolchain/bin/../lib/gcc/arm-none-eabi/15.3.1/../../../../arm-none-eabi/lib/thumb/v7e-m+fp/hard/libc_nano.a
LOAD /opt/arm-gnu-toolchain/bin/../lib/gcc/arm-none-eabi/15.3.1/../../../../arm-none-eabi/lib/thumb/v7e-m+fp/hard/libnosys.a
END GROUP
START GROUP
LOAD /opt/arm-gnu-toolchain/bin/../lib/gcc/arm-none-eabi/15.3.1/thumb/v7e-m+fp/hard/libgcc.a
LOAD /opt/arm-gnu-toolchain/bin/../lib/gcc/arm-none-eabi/15.3.1/../../../../arm-none-eabi/lib/thumb/v7e-m+fp/hard/libc_nano.a
LOAD /opt/arm-gnu-toolchain/bin/../lib/gcc/arm-none-eabi/15.3.1/../../../../arm-none-eabi/lib/thumb/v7e-m+fp/hard/libnosys.a
END GROUP
LOAD /opt/arm-gnu-toolchain/bin/../lib/gcc/arm-none-eabi/15.3.1/thumb/v7e-m+fp/hard/crtend.o
LOAD /opt/arm-gnu-toolchain/bin/../lib/gcc/arm-none-eabi/15.3.1/thumb/v7e-m+fp/hard/crtn.o
OUTPUT(lab.axf elf32-littlearm)
LOAD linker stubs

.ARM.attributes
                0x00000000       0x30
 .ARM.attributes
                0x00000000       0x22 /opt/arm-gnu-toolchain/bin/../lib/gcc/arm-none-eabi/15.3.1/thumb/v7e-m+fp/hard/crti.o
 .ARM.attributes
                0x00000022       0x34 main.o
 .ARM.attributes
                0x00000056       0x34 led_control.o
 .ARM.attributes
                0x0000008a       0x34 startup.o
 .ARM.attributes
                0x000000be       0x34 uartstdio.o
 .ARM.attributes
                0x000000f2       0x34 verify.o
 .ARM.attributes
                0x00000126       0x3b ../ti//libdriver.a(gpio.o)
 .ARM.attributes
                0x00000161       0x3b ../ti//libdriver.a(uart.o)

.comment        0x00000000       0xb6
 .comment       0x00000000       0xb6 main.o
                                 0x47 (size before relaxing)
 .comment       0x000000b6        0x0 led_control.o
                                 0x47 (size before relaxing)
 .comment       0x000000b6        0x0 startup.o
                                 0x47 (size before relaxing)
 .comment       0x000000b6        0x0 uartstdio.o
                                 0x47 (size before relaxing)
 .comment       0x000000b6        0x0 verify.o
                                 0x47 (size before relaxing)
 .comment       0x000000b6        0x0 ../ti//libdriver.a(gpio.o)
                                 0x71 (size before relaxing)
 .comment       0x000000b6        0x0 ../ti//libdriver.a(uart.o)
                                 0x71 (size before relaxing)

.debug_info     0x00000000      0x6e7
 .debug_info    0x00000000      0x12e main.o
 .debug_info    0x0000012e       0xc8 led_control.o
 .debug_info    0x000001f6      0x175 startup.o
 .debug_info    0x0000036b      0x37c uartstdio.o

.debug_abbrev   0x00000000      0x3a7
 .debug_abbrev  0x00000000       0xec main.o
 .debug_abbrev  0x000000ec       0x87 led_control.o
 .debug_abbrev  0x00000173       0xf9 startup.o
 .debug_abbrev  0x0000026c      0x13b uartstdio.o

.debug_aranges  0x00000000       0xd0
 .debug_aranges
                0x00000000       0x30 main.o
 .debug_aranges
                0x00000030       0x20 led_control.o
 .debug_aranges
                0x00000050       0x38 startup.o
 .debug_aranges
                0x00000088       0x48 uartstdio.o

.debug_rnglists
                0x00000000       0x8c
 .debug_rnglists
                0x00000000       0x20 main.o
 .debug_rnglists
                0x00000020       0x13 led_control.o
 .debug_rnglists
                0x00000033       0x25 startup.o
 .debug_rnglists
                0x00000058       0x34 uartstdio.o

.debug_line     0x00000000      0x7d2
 .debug_line    0x00000000      0x1a4 main.o
 .debug_line    0x000001a4       0xd4 led_control.o
 .debug_line    0x00000278      0x134 startup.o
 .debug_line    0x000003ac      0x426 uartstdio.o

.debug_str      0x00000000      0x361
 .debug_str     0x00000000      0x361 main.o
                                0x1b0 (size before relaxing)
 .debug_str     0x00000361        0x0 led_control.o
                                0x195 (size before relaxing)
 .debug_str     0x00000361        0x0 startup.o
                                0x1f8 (size before relaxing)
 .debug_str     0x00000361        0x0 uartstdio.o
                                0x2ea (size before relaxing)

.debug_frame    0x00000000      0x234
 .debug_frame   0x00000000       0x78 main.o
 .debug_frame   0x00000078       0x38 led_control.o
 .debug_frame   0x000000b0       0x7c startup.o
 .debug_frame   0x0000012c      0x108 uartstdio.o
